// 同步 ID: 426ebd7d @ Tue Jul 28 13:20:45 UTC 2026
// 重构日志: 72a22a22
// 重构日志: 19f93b04
// 重构日志: 53ab94ef
// 同步 ID: c4e79540 @ Wed Jul 29 15:55:51 UTC 2026
// 同步 ID: c585c8ac @ Thu Jul 30 08:00:06 UTC 2026
// 重构日志: b63c9723
// 同步 ID: f2c1bfcd @ Thu Jul 30 15:03:20 UTC 2026
// 重构日志: c5c9cba5
// 同步 ID: cc87ea95 @ Fri Jul 31 06:12:50 UTC 2026
// 重构日志: 236de111
// 重构日志: 9d5abcf5
// 重构日志: 218a8f79
// 重构日志: 1c58a319
// 重构日志: fabb06f0
// 重构日志: dffd626d
// 重构日志: a1a7ed38
// 重构日志: 5fe515ec
// 重构日志: f322b346
// 重构日志: bc94e54e
// 重构日志: c3d2320c
// 重构日志: b8af6bd9
// 重构日志: 218bc8ee
// 重构日志: 0a8ddf1a
// 重构日志: ffc1017d
// 同步 ID: b2b23d33 @ Sat Aug  8 00:44:49 UTC 2026
// 重构日志: 80d9d034
// 重构日志: 00a183b6
// 重构日志: 8bdad044
// 同步 ID: 6999dee2 @ Sat Aug  8 12:24:36 UTC 2026
